src/middleware/auth.ts(7,22): error TS7006: Parameter 'req' implicitly has an 'any' type.
src/middleware/auth.ts(7,27): error TS7006: Parameter 'res' implicitly has an 'any' type.
src/middleware/auth.ts(7,32): error TS7006: Parameter 'next' implicitly has an 'any' type.
src/middleware/auth.ts(22,25): error TS7006: Parameter 'req' implicitly has an 'any' type.
src/middleware/auth.ts(22,30): error TS7006: Parameter 'res' implicitly has an 'any' type.
src/middleware/auth.ts(22,35): error TS7006: Parameter 'next' implicitly has an 'any' type.
src/middleware/auth.ts(35,23): error TS7006: Parameter 'req' implicitly has an 'any' type.
src/middleware/auth.ts(35,28): error TS7006: Parameter 'res' implicitly has an 'any' type.
src/middleware/auth.ts(35,33): error TS7006: Parameter 'next' implicitly has an 'any' type.
src/middleware/planLimits.ts(6,29): error TS7006: Parameter 'req' implicitly has an 'any' type.
src/middleware/planLimits.ts(6,34): error TS7006: Parameter 'res' implicitly has an 'any' type.
src/middleware/planLimits.ts(6,39): error TS7006: Parameter 'next' implicitly has an 'any' type.
src/middleware/planLimits.ts(24,30): error TS7006: Parameter 'req' implicitly has an 'any' type.
src/middleware/planLimits.ts(24,35): error TS7006: Parameter 'res' implicitly has an 'any' type.
src/middleware/planLimits.ts(24,40): error TS7006: Parameter 'next' implicitly has an 'any' type.
src/middleware/planLimits.ts(35,25): error TS7006: Parameter 'req' implicitly has an 'any' type.
src/middleware/planLimits.ts(35,30): error TS7006: Parameter 'res' implicitly has an 'any' type.
src/middleware/planLimits.ts(35,35): error TS7006: Parameter 'next' implicitly has an 'any' type.
src/middleware/planLimits.ts(59,28): error TS7006: Parameter 'req' implicitly has an 'any' type.
src/middleware/planLimits.ts(59,33): error TS7006: Parameter 'res' implicitly has an 'any' type.
src/middleware/planLimits.ts(59,38): error TS7006: Parameter 'next' implicitly has an 'any' type.
src/modules/billing/billing.service.ts(35,62): error TS2345: Argument of type 'string | null' is not assignable to parameter of type 'string'.
  Type 'null' is not assignable to type 'string'.
src/modules/dashboard/dashboard.controller.ts(13,72): error TS2345: Argument of type 'string' is not assignable to parameter of type 'PlanType'.
src/modules/deals/deals.controller.ts(41,24): error TS2339: Property 'delete' does not exist on type 'DealsService'.
src/modules/deals/deals.service.ts(1,33): error TS5097: An import path can only end with a '.ts' extension when 'allowImportingTsExtensions' is enabled.
src/modules/deals/deals.service.ts(2,38): error TS5097: An import path can only end with a '.ts' extension when 'allowImportingTsExtensions' is enabled.
src/modules/deals/deals.service.ts(3,10): error TS2305: Module '"./deals.types.ts"' has no exported member 'CreateDealInput'.
src/modules/deals/deals.service.ts(3,27): error TS2305: Module '"./deals.types.ts"' has no exported member 'UpdateDealInput'.
src/modules/deals/deals.service.ts(3,44): error TS2724: '"./deals.types.ts"' has no exported member named 'StakeholderInput'. Did you mean 'Stakeholder'?
src/modules/deals/deals.service.ts(3,74): error TS5097: An import path can only end with a '.ts' extension when 'allowImportingTsExtensions' is enabled.
src/modules/deals/deals.service.ts(4,48): error TS5097: An import path can only end with a '.ts' extension when 'allowImportingTsExtensions' is enabled.
src/modules/documents/documents.repository.ts(34,19): error TS18048: 'result' is possibly 'undefined'.
src/modules/live/live.routes.ts(1,18): error TS2724: '"express"' has no exported member named 'express'. Did you mean 'Express'?
src/modules/live/live.service.ts(17,48): error TS2339: Property 'findById' does not exist on type 'DocumentsRepository'.
src/modules/live/live.service.ts(71,26): error TS18047: 'view.totalPages' is possibly 'null'.
src/modules/live/live.service.ts(109,26): error TS18047: 'view.totalPages' is possibly 'null'.
src/modules/notifications/index.ts(2,15): error TS5097: An import path can only end with a '.ts' extension when 'allowImportingTsExtensions' is enabled.
src/modules/sessions/sessions.service.ts(45,11): error TS7034: Variable 'all' implicitly has type 'any[]' in some locations where its type cannot be determined.
src/modules/sessions/sessions.service.ts(60,12): error TS7005: Variable 'all' implicitly has an 'any[]' type.
src/modules/share/share.controller.ts(19,51): error TS2345: Argument of type 'string | string[]' is not assignable to parameter of type 'string'.
  Type 'string[]' is not assignable to type 'string'.
src/modules/share/share.controller.ts(24,39): error TS2345: Argument of type 'string | string[]' is not assignable to parameter of type 'string'.
  Type 'string[]' is not assignable to type 'string'.
src/modules/share/share.controller.ts(29,36): error TS2345: Argument of type 'string | string[]' is not assignable to parameter of type 'string'.
  Type 'string[]' is not assignable to type 'string'.
src/modules/share/share.controller.ts(59,48): error TS2339: Property 'findBySlug' does not exist on type 'DocumentsRepository'.
src/modules/share/share.routes.ts(1,18): error TS2724: '"express"' has no exported member named 'express'. Did you mean 'Express'?
src/modules/share/share.service.ts(4,10): error TS2305: Module '"../auth/index.js"' has no exported member 'UsersRepository'.
src/modules/share/share.service.ts(64,48): error TS2339: Property 'findById' does not exist on type 'DocumentsRepository'.
src/modules/workspaces/workspaces.controller.ts(50,58): error TS2345: Argument of type 'string | string[]' is not assignable to parameter of type 'string'.
  Type 'string[]' is not assignable to type 'string'.
src/modules/workspaces/workspaces.service.ts(3,10): error TS2305: Module '"./workspaces.types.js"' has no exported member 'CreateWorkspaceInput'.
src/modules/workspaces/workspaces.service.ts(3,32): error TS2305: Module '"./workspaces.types.js"' has no exported member 'AddDocumentInput'.
src/modules/workspaces/workspaces.service.ts(39,52): error TS2339: Property 'findAllByUser' does not exist on type 'DocumentsRepository'.
src/services/razorpay.ts(5,5): error TS7034: Variable 'instance' implicitly has type 'any' in some locations where its type cannot be determined.
src/services/razorpay.ts(8,7): error TS7005: Variable 'instance' implicitly has an 'any' type.
src/services/razorpay.ts(18,33): error TS7006: Parameter 'body' implicitly has an 'any' type.
src/services/razorpay.ts(18,39): error TS7006: Parameter 'signature' implicitly has an 'any' type.
src/services/razorpay.ts(26,35): error TS7006: Parameter 'planId' implicitly has an 'any' type.
src/services/razorpay.ts(26,43): error TS7006: Parameter 'customerId' implicitly has an 'any' type.
src/services/razorpay.ts(38,33): error TS7031: Binding element 'name' implicitly has an 'any' type.
src/services/razorpay.ts(38,39): error TS7031: Binding element 'email' implicitly has an 'any' type.
src/services/razorpay.ts(45,35): error TS7006: Parameter 'subscriptionId' implicitly has an 'any' type.
