src/modules/dashboard/dashboard.controller.ts(13,72): error TS2345: Argument of type 'string' is not assignable to parameter of type 'PlanType'.
src/modules/live/live.routes.ts(1,18): error TS2724: '"express"' has no exported member named 'express'. Did you mean 'Express'?
src/modules/notifications/index.ts(2,15): error TS5097: An import path can only end with a '.ts' extension when 'allowImportingTsExtensions' is enabled.
src/modules/sessions/sessions.service.ts(45,11): error TS7034: Variable 'all' implicitly has type 'any[]' in some locations where its type cannot be determined.
src/modules/sessions/sessions.service.ts(60,12): error TS7005: Variable 'all' implicitly has an 'any[]' type.
src/modules/share/share.routes.ts(1,18): error TS2724: '"express"' has no exported member named 'express'. Did you mean 'Express'?
src/modules/share/share.service.ts(4,10): error TS2305: Module '"../auth/index.js"' has no exported member 'UsersRepository'.
